node.exe : Vercel CLI 56.3.1 (Node.js 22.19.0)
At line:1 char:1
+ & "C:\Program Files\nodejs/node.exe" "C:\Program Files\nodejs/node_mo ...
+ ~~~~~~~~~~~~~~~~~~~~~~~~~~~~~~~~~~~~~~~~~~~~~~~~~~~~~~~~~~~~~~~~~~~~~
    + CategoryInfo          : NotSpecified: (Vercel CLI 56.3.1 (Node.js 22.19.0):String) [], RemoteException
    + FullyQualifiedErrorId : NativeCommandError
 

  Directory       C:\Users\intern\Documents\FARM-MANAGEMENT-SYSTEM

Loading teamsÔÇª
Error: The specified token is not valid. Use `vercel login` to generate a new token.
